Input error: A is not a square matrix
nx = 3, ny = 4
nx = 3, ny = 3
nx = 3, ny = 4
nx = 3, ny = 3
nx = 3, ny = 4
nx = 3, ny = 3
nx = 3, ny = 4
nx = 3, ny = 3
nx = 3, ny = 4
nx = 3, ny = 3
nx = 3, ny = 4
iteration: 0
iteration: 1
iteration: 2
iteration: 3
iteration: 4
iteration: 5

 --------
[0.632 1.363 1.883 1.347 0.737 1.665] 

 --------
[[0.626 0.79  1.264]
 [0.553 1.055 1.87 ]
 [1.327 1.4   1.183]
 [0.727 0.997 1.1  ]] 

 --------
1.287 

 --------
[[1.59  0.593 1.759]
 [1.613 1.381 0.995]
 [1.969 1.643 1.57 ]] 
[0.37261085 0.69428328]
Input error: A is not a square matrix
nx = 3, ny = 4
nx = 3, ny = 4
[Pair(lstsq_x[0]/sqrt(x[0]**2 + x[1]**2 + x[2]**2 + x[3]**2 + x...)
 Pair(0.408248290463863*lstsq_x[1])]
CANDIDATES 111 (111 functions, 0 methods; 92 uncallable on synthesized inputs, 1318 ineligible)
TOTAL 111 | LIFT+match 99 | lift-unverified 4 | refused 8 | died 0

LIFT+match: AllenDowney_ModSimPy.has_nan, AllenDowney_ModSimPy.is_strictly_increasing, AppliedDataSciencePartners_WorldModels.compute_ranks, AppliedDataSciencePartners_WorldModels.compute_weight_decay, CBaquero_BTCautoresearch.formula, CLendering_SubspaceAD.topk_mean, CurryChen77_Highway-env-adversarial.smooth, DickLiTQ_NumAnalysis.check, Fantasy-AMAP_fantasy-world.threshold_depth_map, Fantasy-AMAP_fantasy-world.adjust_intrinsic_matrix_rot90, Fantasy-AMAP_fantasy-world.adjust_track_rot90, GRAAL-Research_domain_adversarial_neural_network.mda_fit, GRAAL-Research_domain_adversarial_neural_network.msda_forward, Genentech_nodags-flows.is_acyclic, Jeija_ESPARGOS-Passive-ChannelCharting.acquire_clutter, Jeija_ESPARGOS-Passive-ChannelCharting.remove_clutter, JiangWenPL_FisherRF.equal_hist, JonJala_mtag.rebuild_omega, JonJala_mtag.cov2corr, JonJala_mtag.is_pos_semidef, JonJala_mtag.neglogL_single_SS, KimSinjeong_keypt2subpx.angle_error_mat, KimSinjeong_keypt2subpx.angle_error_vec, LiDan456_MAD-GANs.median_pairwise_distance_o, Pointcept_SegmentAnything3D.overlap_percentage, Pointcept_SegmentAnything3D.remove_small_group, RobustFieldAutonomyLab_Distributional_RL_Navigation.wrap_to_pi, SVDDChallenge_CtrSVDD_Utils.compute_det_curve, Shao-Kui_3DScenePlatform.transform_a_point, Shao-Kui_3DScenePlatform.checkClockwise, Shao-Kui_3DScenePlatform.pointToLineDistance, Shao-Kui_3DScenePlatform.isPointBetweenLineSeg, Shao-Kui_3DScenePlatform.isSegIntersectsWithPlane, Shao-Kui_3DScenePlatform.isPointProjectedToLineSeg, Shao-Kui_3DScenePlatform.pointProjectedToPlane, Shao-Kui_3DScenePlatform.rogrigues, Shao-Kui_3DScenePlatform.roomDiameter, Shao-Kui_3DScenePlatform.findNearestWalls, Shao-Kui_3DScenePlatform.calCamUpVec, UPennEoR_MiniRadioTelescope.W2dBm, UPennEoR_MiniRadioTelescope.zx47_60, Waller-Lab_DiffuserCam-Tutorial.nextPow2, YufeiWang777_DFU.cart2pol, ZeWang95_ACDA.cart2pol, andreiolariu_kaggle-driver-telematics.movingaverage, astyonax_heartbeat-traffic.pma, astyonax_heartbeat-traffic.reconstruc_frommodes, basiralab_RegGNN.vectime3dB, brendel-group_cl-ica._sample_weight_sequential, brendel-group_cl-ica._sample_orthonormal_to_sequential, brendel-group_cl-ica._sample_orthonormal_to, byungsook_neural-flow-style.cosine_decay, byungsook_neural-flow-style.match_histograms, chrisjbillington_starship_telemetry.great_cicle, dandrino_terrain-erosion-3-ways.simple_gradient, dandrino_terrain-erosion-3-ways.make_grid_points, deep-reinforcement-learning-book_Chapter4-DQN.smooth, epfl-lts2_mulan.get_locations, gkiehne_quantopian.simplex_projection, gregstarr_PyGPS.getZ, greisane_gret.gaussian, greisane_gret.multi_quadratic_biharmonic, greisane_gret.inv_multi_quadratic_biharmonic, greisane_gret.beckert_wendland_c2_basis, habi_GlobalDiagnostiX.MTF, habi_GlobalDiagnostiX.LSF, habi_GlobalDiagnostiX.polynomialfit, hardmaru_astool.compute_ranks, hardmaru_astool.compute_weight_decay, hardmaru_estool.compute_ranks, hardmaru_estool.compute_weight_decay, inuritdino_HiguchiFractalDimension.lin_fit_hfd, jensonlin_SomeRadarDetectProgram.wgn, jilljenn_qna.decompose_kernel, jilljenn_qna.E_Y, ken-ouyang_neural_image_simulator.correct_gamma, ken-ouyang_neural_image_simulator.rgb2hsv, layer6ai-labs_HGCF.ndcg_func, michaelczhou_EKF_UKF_PF.neff, miroblog_deep_rl_trader.simple_moving_average, pals-ttic_fastmap.angle_error_vec, pals-ttic_fastmap.angle_error_mat, pals-ttic_fastmap.mAA, sailor-z_CLNet.denorm, sailor-z_CLNet.np_skew_symmetric, sailor-z_CLNet.angle_error_mat, sailor-z_CLNet.angle_error_vec, sefibk_KernelGAN.rgb2gray, sefibk_KernelGAN.analytic_kernel, seqcode_miniMDS.domainsFromScores, the3dadvantage_MC-4x.closest_point_edges, the3dadvantage_MC-4x.u_vecs, the3dadvantage_MC-4x.compare_vecs, the3dadvantage_MC-4x.measure_vecs, the3dadvantage_MC-4x.fastest_cross_product, tonyshardlow_PICSPDE.cov_fn, tyshiwo1_DiM-DiffusionMamba._sigma_to_t, waggle-sensor_plugin-cmv-fftpc.vectorMagnitudeDirection, yuzhoucw_230pix2pix.smooth

lift-unverified: Shao-Kui_3DScenePlatform.generateRoomNormals, Shao-Kui_3DScenePlatform.listNormalization, guiwitz_NumpyPandas_course.grid_points, xinyandai_string-embed.linear_fit

REFUSED:
  Fantasy-AMAP_fantasy-world._to_uint8_colors          astype to non-float would change the math
  Kai-46_SatelliteNeRF.depth_to_normal                 [skverify] could not lift this call (IndexError: only in
  at-aaims_DataSiftML.compute_stream_function          gradient: edge_order 2 not supported
  dandrino_terrain-erosion-3-ways.normalize            coercion to dtype=float64 would discard the formula
  gregstarr_PyGPS.solveIter                            [skverify] could not lift this call (TO: ). Your code ru
  inuritdino_HiguchiFractalDimension.interval_t        linspace: traced endpoints only
  ken-ouyang_neural_image_simulator.hsv2rgb            coercion to dtype=int32 would discard the formula
  yyccR_yolov5_in_tf2_keras.ap_per_class               [skverify] could not lift this call (ValueError: The tru

DIED:
 ** On entry to DLASCL parameter number  4 had an illegal value
 ** On entry to DLASCL parameter number  4 had an illegal value
